// Vitest Snapshot v1, https://vitest.dev/guide/snapshot.html

exports[`getTokensHandler > should return a list of assets 1`] = `
{
  "hasMore": true,
  "tokens": [
    {
      "address": "So11111111111111111111111111111111111111112",
      "imageUrl": "https://raw.githubusercontent.com/solana-labs/token-list/main/assets/mainnet/So11111111111111111111111111111111111111112/logo.png",
      "name": "Wrapped SOL",
      "symbol": "SOL",
      "value": "So11111111111111111111111111111111111111112",
    },
    {
      "address": "EPjFWdd5AufqSSqeM2qN1xzybapC8G4wEGGkZwyTDt1v",
      "imageUrl": "https://raw.githubusercontent.com/solana-labs/token-list/main/assets/mainnet/EPjFWdd5AufqSSqeM2qN1xzybapC8G4wEGGkZwyTDt1v/logo.png",
      "name": "USD Coin",
      "symbol": "USDC",
      "value": "EPjFWdd5AufqSSqeM2qN1xzybapC8G4wEGGkZwyTDt1v",
    },
    {
      "address": "Es9vMFrzaCERmJfrF4H2FYD4KCoNkY11McCe8BenwNYB",
      "imageUrl": "https://raw.githubusercontent.com/solana-labs/token-list/main/assets/mainnet/Es9vMFrzaCERmJfrF4H2FYD4KCoNkY11McCe8BenwNYB/logo.svg",
      "name": "USDT",
      "symbol": "USDT",
      "value": "Es9vMFrzaCERmJfrF4H2FYD4KCoNkY11McCe8BenwNYB",
    },
    {
      "address": "2b1kV6DkPAnxd5ixfnxCpjxmKwqjjaYmCZfHsFu24GXo",
      "imageUrl": "https://424565.fs1.hubspotusercontent-na1.net/hubfs/424565/PYUSDLOGO.png",
      "name": "PayPal USD",
      "symbol": "PYUSD",
      "value": "2b1kV6DkPAnxd5ixfnxCpjxmKwqjjaYmCZfHsFu24GXo",
    },
    {
      "address": "EKpQGSJtjMFqKZ9KQanSqYXRcF8fBopzLHYxdM65zcjm",
      "imageUrl": "https://bafkreibk3covs5ltyqxa272uodhculbr6kea6betidfwy3ajsav2vjzyum.ipfs.nftstorage.link",
      "name": "dogwifhat",
      "symbol": "$WIF",
      "value": "EKpQGSJtjMFqKZ9KQanSqYXRcF8fBopzLHYxdM65zcjm",
    },
    {
      "address": "7GCihgDB8fe6KNjn2MYtkzZcRjQy3t9GHdC8uHYmW2hr",
      "imageUrl": "https://bafkreidvkvuzyslw5jh5z242lgzwzhbi2kxxnpkic5wsvyno5ikvpr7reu.ipfs.nftstorage.link",
      "name": "Popcat",
      "symbol": "POPCAT",
      "value": "7GCihgDB8fe6KNjn2MYtkzZcRjQy3t9GHdC8uHYmW2hr",
    },
    {
      "address": "J1toso1uCk3RLmjorhTtrVwY9HJ7X8V9yYac6Y7kGCPn",
      "imageUrl": "https://storage.googleapis.com/token-metadata/JitoSOL-256.png",
      "name": "Jito Staked SOL",
      "symbol": "JitoSOL",
      "value": "J1toso1uCk3RLmjorhTtrVwY9HJ7X8V9yYac6Y7kGCPn",
    },
    {
      "address": "JUPyiwrYJFskUPiHa7hkeR8VUtAeFoSYbKedZNsDvCN",
      "imageUrl": "https://static.jup.ag/jup/icon.png",
      "name": "Jupiter",
      "symbol": "JUP",
      "value": "JUPyiwrYJFskUPiHa7hkeR8VUtAeFoSYbKedZNsDvCN",
    },
    {
      "address": "DezXAZ8z7PnrnRJjz3wXBoRgixCa6xjnB7YaB1pPB263",
      "imageUrl": "https://arweave.net/hQiPZOsRZXGXBJd_82PhVdlM_hACsT_q6wqwf5cSY7I?ext=png",
      "name": "Bonk",
      "symbol": "Bonk",
      "value": "DezXAZ8z7PnrnRJjz3wXBoRgixCa6xjnB7YaB1pPB263",
    },
    {
      "address": "27G8MtK7VtTcCHkpASjSDdkWWYfoqT6ggEuKidVJidD4",
      "imageUrl": "https://static.jup.ag/jlp/icon.png",
      "name": "Jupiter Perps",
      "symbol": "JLP",
      "value": "27G8MtK7VtTcCHkpASjSDdkWWYfoqT6ggEuKidVJidD4",
    },
  ],
  "total": 1497,
}
`;
