// Vitest Snapshot v1, https://vitest.dev/guide/snapshot.html

exports[`Page > should render successfully 1`] = `
<body>
  <div>
    <div>
      <div
        class="wrapper"
      >
        <div
          class="container"
        >
          <div
            id="welcome"
          >
            <h1>
              <span>
                 Hello there, 
              </span>
              Welcome web 👋
            </h1>
            <button
              class="rounded-md bg-blue-500 p-2 text-white bg-red-500"
              type="button"
            >
              Click me
            </button>
          </div>
        </div>
      </div>
    </div>
  </div>
</body>
`;
