// Vitest Snapshot v1, https://vitest.dev/guide/snapshot.html

exports[`generateMockSwap > should generate a swap 1`] = `
{
  "buyAmount": 236912,
  "buyBalance": 301162,
  "buyToken": {
    "address": "fb0cf84d-21ea-4c6d-be43-3685d544e728",
    "symbol": "NT$",
    "value": "618565",
  },
  "estimatedFeesUsd": 514739,
  "exchangeRate": 301777,
  "mevProtectionEnabled": false,
  "priceImpactPercentage": 35,
  "sellAmount": 899478,
  "sellBalance": 425104,
  "sellToken": {
    "address": "106dad74-26e4-4117-b4a3-c0badcaa170f",
    "symbol": "NT$",
    "value": "535543",
  },
  "slippageTolerancePercentage": 10,
  "swapProgressStep": 2,
  "swapStatus": "pending",
  "swapType": "swap",
  "transactionSignature": "26ced47a-41ef-47d0-a7a1-fcfd02d516d3",
  "updatedAt": "2025-04-28T19:01:22.181Z",
  "userAddress": "b8944cb6-932d-4540-8464-766eb6964d4e",
}
`;
