// Vitest Snapshot v1, https://vitest.dev/guide/snapshot.html

exports[`generateMockSwap > should generate a swap 1`] = `
{
  "buyAmount": 461381,
  "buyBalance": 142191,
  "buyToken": {
    "address": "a6b9508e-bc09-49c4-87ad-61b6972a8e01",
    "symbol": "NT$",
    "value": "552933",
  },
  "estimatedFeesUsd": 490620,
  "exchangeRate": 755785,
  "mevProtectionEnabled": false,
  "priceImpactPercentage": 41,
  "sellAmount": 571763,
  "sellBalance": 206541,
  "sellToken": {
    "address": "8e74165e-af13-475c-8bf8-2931018191f1",
    "symbol": "B/.",
    "value": "906256",
  },
  "slippageTolerancePercentage": 37,
  "swapProgressStep": 2,
  "swapStatus": "pending",
  "swapType": "swap",
  "transactionSignature": "3bad0ded-7e04-4974-aaa7-9b84152a3d19",
  "updatedAt": "2025-06-24T11:10:14.100Z",
  "userAddress": "06e9095b-f3a2-4241-8599-0dd2469bba8b",
}
`;
