// Vitest Snapshot v1, https://vitest.dev/guide/snapshot.html

exports[`generateMockSwap > should generate a swap 1`] = `
{
  "buyAmount": 236912,
  "buyBalance": 301162,
  "buyToken": {
    "address": "fb0cf84d-21ea-4c6d-be43-3685d544e728",
    "decimals": 113433,
    "symbol": "P",
    "value": "514739",
  },
  "estimatedFeesUsd": 301777,
  "exchangeRate": 558300,
  "mevProtectionEnabled": true,
  "priceImpactPercentage": 90,
  "sellAmount": 425104,
  "sellBalance": 62197,
  "sellToken": {
    "address": "6dad7426-e481-47f4-a3c0-badcaa170f21",
    "decimals": 535543,
    "symbol": "₡",
    "value": "271112",
  },
  "slippageTolerancePercentage": 16,
  "swapProgressStep": 3,
  "swapStatus": "pending",
  "swapType": "swap",
  "transactionSignature": "d47a41ef-27d0-47a1-bcfd-02d516d3adb8",
  "updatedAt": "2025-04-12T03:45:22.512Z",
  "userAddress": "4cb6932d-b540-4464-b66e-b6964d4e74c9",
}
`;
